ASxxxx Linker V03.00/V05.40 + sdld,  page 1.
Hexadecimal  [32-Bits]

Area                                    Addr        Size        Decimal Bytes (Attributes)
--------------------------------        ----        ----        ------- ----- ------------
.  .ABS.                            00000000    00000000 =           0. bytes (ABS,CON)

      Value  Global                              Global Defined In Module
      -----  --------------------------------   ------------------------
     00000000  .__.ABS.                           SetTileMap
     00000000  _rMBC7_SRAM_ENABLE_1               
     00000000  _rRAMG                             
     00000000  l__BASE                         
     00000000  l__BSS                          
     00000000  l__CABS                         
     00000000  l__CODE_0                       
     00000000  l__DABS                         
     00000000  l__HEADER                       
     00000000  l__HEAP                         
     00000000  l__HEAP_END                     
     00000000  l__LIT                          
     00000000  s__CABS                         
     00000000  s__DABS                         
     00000000  s__HEADER                       
     00000000  s__HEADER0                      
     00000000  s__HEADER1                      
     00000000  s__HEADER10                     
     00000000  s__HEADER11                     
     00000000  s__HEADER2                      
     00000000  s__HEADER3                      
     00000000  s__HEADER4                      
     00000000  s__HEADER5                      
     00000000  s__HEADER6                      
     00000000  s__HEADER7                      
     00000000  s__HEADER8                      
     00000000  s__HEADER9                      
     00000000  s__HEADERa                      
     00000000  s__HEADERb                      
     00000000  s__HEADERc                      
     00000000  s__HEADERd                      
     00000000  s__HEADERe                      
     00000000  s__HEADERf                      
     00000001  l__GSFINAL                      
     00000001  l__HEADER0                      
     00000001  l__HEADER5                      
     00000001  l__HEADERa                      
     00000001  l__HEADERb                      
     00000001  l__HEADERc                      
     00000001  l__HEADERe                      
     00000001  l__HEADERf                      
     00000002  l__HEADER10                     
     00000002  l__HEADER6                      
     00000002  l__HEADERd                      
     00000003  l__HEADER9                      
     00000005  l__HEADER1                      
     00000006  l__HEADER8                      
     00000007  l__HEADER2                      
     00000008  l__HEADER3                      
     0000000C  l__GSINIT                       
ASxxxx Linker V03.00/V05.40 + sdld,  page 2.
Hexadecimal  [32-Bits]

Area                                    Addr        Size        Decimal Bytes (Attributes)
--------------------------------        ----        ----        ------- ----- ------------
.  .ABS.                            00000000    00000000 =           0. bytes (ABS,CON)

      Value  Global                              Global Defined In Module
      -----  --------------------------------   ------------------------
     00000013  l__HRAM                         
     00000030  l__HEADER7                      
     00000060  l__HEADER4                      
     000000AB  l__HEADER11                     
     0000011F  l__INITIALIZED                  
     0000011F  l__INITIALIZER                  
     00000195  l__HOME                         
     00000200  s__CODE                         
     00000209  l__DATA                         
     00002000  _rROMB0                            
     00003000  _rROMB1                            
     00004000  _rMBC7_SRAM_ENABLE_2               
     00004000  _rRAMB                             
     0000408D  l__CODE                         
     0000428D  s__HOME                         
     00004422  s__BASE                         
     00004422  s__CODE_0                       
     00004422  s__INITIALIZER                  
     00004422  s__LIT                          
     00004541  s__GSINIT                       
     0000454D  s__GSFINAL                      
     00008000  __VRAM                             
     00008000  __VRAM8000                         
     00008800  __VRAM8800                         
     00009000  __VRAM9000                         
     00009800  __SCRN0                            
     00009C00  __SCRN1                            
     0000A000  __SRAM                             
     0000A000  _rMBC7_LATCH_1                     
     0000A010  _rMBC7_LATCH_2                     
     0000A020  _rMBC7_ACCEL_X_LO                  
     0000A030  _rMBC7_ACCEL_X_HI                  
     0000A040  _rMBC7_ACCEL_Y_LO                  
     0000A050  _rMBC7_ACCEL_Y_HI                  
     0000C000  __RAM                              
     0000C000  _shadow_OAM                     
     0000C0A0  s__DATA                         
     0000C2A9  s__BSS                          
     0000C2A9  s__INITIALIZED                  
     0000C3C8  s__HEAP                         
     0000C3C8  s__HEAP_END                     
     0000D000  __RAMBANK                          
     0000E000  .STACK                          
     0000FE00  __OAMRAM                           
     0000FF00  _P1_REG                            
     0000FF00  __IO                               
     0000FF01  _SB_REG                            
     0000FF02  _SC_REG                            
     0000FF04  _DIV_REG                           
     0000FF05  _TIMA_REG                          
     0000FF06  _TMA_REG                           
ASxxxx Linker V03.00/V05.40 + sdld,  page 3.
Hexadecimal  [32-Bits]

Area                                    Addr        Size        Decimal Bytes (Attributes)
--------------------------------        ----        ----        ------- ----- ------------
.  .ABS.                            00000000    00000000 =           0. bytes (ABS,CON)

      Value  Global                              Global Defined In Module
      -----  --------------------------------   ------------------------
     0000FF07  _TAC_REG                           
     0000FF0F  _IF_REG                            
     0000FF10  _NR10_REG                          
     0000FF11  _NR11_REG                          
     0000FF12  _NR12_REG                          
     0000FF13  _NR13_REG                          
     0000FF14  _NR14_REG                          
     0000FF16  _NR21_REG                          
     0000FF17  _NR22_REG                          
     0000FF18  _NR23_REG                          
     0000FF19  _NR24_REG                          
     0000FF1A  _NR30_REG                          
     0000FF1B  _NR31_REG                          
     0000FF1C  _NR32_REG                          
     0000FF1D  _NR33_REG                          
     0000FF1E  _NR34_REG                          
     0000FF20  _NR41_REG                          
     0000FF21  _NR42_REG                          
     0000FF22  _NR43_REG                          
     0000FF23  _NR44_REG                          
     0000FF24  _NR50_REG                          
     0000FF25  _NR51_REG                          
     0000FF26  _NR52_REG                          
     0000FF30  _AUD3WAVE                          
     0000FF30  _PCM_SAMPLE                        
     0000FF30  __AUD3WAVERAM                      
     0000FF40  _LCDC_REG                          
     0000FF41  _STAT_REG                          
     0000FF42  _SCY_REG                           
     0000FF43  _SCX_REG                           
     0000FF44  _LY_REG                            
     0000FF45  _LYC_REG                           
     0000FF46  _DMA_REG                           
     0000FF47  _BGP_REG                           
     0000FF48  _OBP0_REG                          
     0000FF49  _OBP1_REG                          
     0000FF4A  _WY_REG                            
     0000FF4B  _WX_REG                            
     0000FF4D  _KEY1_REG                          
     0000FF4F  _VBK_REG                           
     0000FF51  _HDMA1_REG                         
     0000FF52  _HDMA2_REG                         
     0000FF53  _HDMA3_REG                         
     0000FF54  _HDMA4_REG                         
     0000FF55  _HDMA5_REG                         
     0000FF56  _RP_REG                            
     0000FF68  _BCPS_REG                          
     0000FF69  _BCPD_REG                          
     0000FF6A  _OCPS_REG                          
     0000FF6B  _OCPD_REG                          
     0000FF70  _SVBK_REG                          
ASxxxx Linker V03.00/V05.40 + sdld,  page 4.
Hexadecimal  [32-Bits]

Area                                    Addr        Size        Decimal Bytes (Attributes)
--------------------------------        ----        ----        ------- ----- ------------
.  .ABS.                            00000000    00000000 =           0. bytes (ABS,CON)

      Value  Global                              Global Defined In Module
      -----  --------------------------------   ------------------------
     0000FF76  _PCM12_REG                         
     0000FF77  _PCM34_REG                         
     0000FF80  __HRAM                             
     0000FF80  s__HRAM                         
     0000FFFF  _IE_REG                            

ASxxxx Linker V03.00/V05.40 + sdld,  page 5.
Hexadecimal  [32-Bits]

Area                                    Addr        Size        Decimal Bytes (Attributes)
--------------------------------        ----        ----        ------- ----- ------------
_CODE                               00000200    0000408D =       16525. bytes (REL,CON)

      Value  Global                              Global Defined In Module
      -----  --------------------------------   ------------------------
     00000200  _Object0_init                      object0_init
     000002A7  _Object0_draw                      object0_draw
     000002A8  _Object0_step                      object0_step
     0000066D  _pelota_init                       pelota_init
     0000066E  _pelota_step                       pelota_step
     0000066F  _game_step                         game_step
     00000675  _game_init                         game_init
     000006C9  _room01_step                       room01_step
     000006CA  _room01_init                       room01_init
     000006EA  _game_draw                         game_draw
     00002DAC  _sample_song                       sample_song
     00002E07  _snd_sample_song                   _sound_data
     00002E0A  _snd_coin                          _sound_data
     00002E0D  _snd_shoot                         _sound_data
     00002E10  _snd_explode                       _sound_data
     00002E13  _snd_jump                          _sound_data
     00002E16  _snd_error                         _sound_data
     00002E19  _snd_start                         _sound_data
     00002E1C  _snd_star                          _sound_data
     00002E1F  _snd_powerup                       _sound_data
     00002E22  _snd_door                          _sound_data
     00002E25  _snd_portal                        _sound_data
     00002E28  _entity_manager_init               entity_mgr
     00002E3E  __entity_create_pool               entity_mgr
     00002F3B  _entity_manager_step               entity_mgr
     00002F8E  _entity_manager_draw               entity_mgr
     00003118  __place_free                       scripts_mgr
     00003162  __place_empty                      scripts_mgr
     000031A5  __place_meeting                    scripts_mgr
     000031FE  _main                              main
     0000322A  _random                            math_util
     0000323E  _sqrt_int                          math_util
     000032BF  _power                             math_util
     000032E7  _point_distance                    math_util
     00003338  _angle_difference                  math_util
     0000333A  _point_direction                   math_util
     0000343F  _sin_tbl                           math_util
     0000353F  _video_init                        video_sys
     0000355A  _video_load_tiles                  video_sys
     00003572  _hUGE_init                         hUGEDriver_obj
     00003574  hUGE_init                          hUGEDriver_obj
     000035CA  _hUGE_mute_channel                 hUGEDriver_obj
     000035CC  hUGE_mute_channel                  hUGEDriver_obj
     0000381A  _hUGE_set_position                 hUGEDriver_obj
     0000381C  hUGE_set_position                  hUGEDriver_obj
     000039E1  _hUGE_dosound                      hUGEDriver_obj
     000039E1  hUGE_dosound                       hUGEDriver_obj
     00003D0D  _sound_init                        sound_sys
     00003D1A  _sound_play                        sound_sys
     00003DED  _sound_loop                        sound_sys
ASxxxx Linker V03.00/V05.40 + sdld,  page 6.
Hexadecimal  [32-Bits]

Area                                    Addr        Size        Decimal Bytes (Attributes)
--------------------------------        ----        ----        ------- ----- ------------
_CODE                               00000200    0000408D =       16525. bytes (REL,CON)

      Value  Global                              Global Defined In Module
      -----  --------------------------------   ------------------------
     00003DF0  _sound_stop                        sound_sys
     00003E2A  _sound_stop_all                    sound_sys
     00003E4C  _sound_isplaying                   sound_sys
     00003E6F  _sound_pos                         sound_sys
     00003EA5  _audio_update                      sound_sys
     00003EBE  _joystick_update                   joystick_sys
     00003ECB  _joystick_check_button             joystick_sys
     00003ED0  _joystick_pressed_button           joystick_sys
     00003EE2  _joystick_released_button          joystick_sys
     00003EF4  _joystick_xpos                     joystick_sys
     00003F06  _joystick_ypos                     joystick_sys
     00003F17  _debug_init                        debug_sys
     00003F38  _debug_begin                       debug_sys
     00003F4A  _debug_watch                       debug_sys
     0000404D  _sprites_reset                     sprites_mgr
     00004068  _draw_tile                         sprites_mgr
     000040AD  _draw_tile_win                     sprites_mgr
     000040B8  _vram_reset                        sprites_mgr
     00004106  _screen_clear                      sprites_mgr
     00004120  __mulsuchar                        mul
     00004123  __muluschar                        mul
     0000412C  __mulschar                         mul
     00004134  __mulint                           mul
     00004153  __muluchar                         mul
     00004165  _set_vram_byte                     
     0000416E  _set_win_tile_xy                   
     00004177  _set_bkg_tile_xy                   
     000041A6  __divsuchar                        divmod
     000041AC  __modsuchar                        divmod
     000041B5  __divuschar                        divmod
     000041BE  __moduschar                        divmod
     000041CA  __divschar                         divmod
     000041CF  __modschar                         divmod
     000041D6  __divsint                          divmod
     000041DF  __modsint                          divmod
     000041EB  __divuchar                         divmod
     000041F0  __moduchar                         divmod
     000041F7  __divuint                          divmod
     00004200  __moduint                          divmod
     0000420C  .div8                              divmod
     0000420C  .mod8                              divmod
     00004214  .div16                             divmod
     00004214  .mod16                             divmod
     0000424A  .divu8                             divmod
     0000424A  .modu8                             divmod
     0000424D  .divu16                            divmod
     0000424D  .modu16                            divmod

ASxxxx Linker V03.00/V05.40 + sdld,  page 7.
Hexadecimal  [32-Bits]

Area                                    Addr        Size        Decimal Bytes (Attributes)
--------------------------------        ----        ----        ------- ----- ------------
_HEADER0                            00000000    00000001 =           1. bytes (ABS,CON)

      Value  Global                              Global Defined In Module
      -----  --------------------------------   ------------------------
     00000020  .call_hl                           Runtime

ASxxxx Linker V03.00/V05.40 + sdld,  page 8.
Hexadecimal  [32-Bits]

Area                                    Addr        Size        Decimal Bytes (Attributes)
--------------------------------        ----        ----        ------- ----- ------------
_HEADER1                            00000000    00000005 =           5. bytes (ABS,CON)

      Value  Global                              Global Defined In Module
      -----  --------------------------------   ------------------------
     00000028  .MemsetSmall                       Runtime

ASxxxx Linker V03.00/V05.40 + sdld,  page 9.
Hexadecimal  [32-Bits]

Area                                    Addr        Size        Decimal Bytes (Attributes)
--------------------------------        ----        ----        ------- ----- ------------
_HEADER2                            00000000    00000007 =           7. bytes (ABS,CON)

      Value  Global                              Global Defined In Module
      -----  --------------------------------   ------------------------
     00000030  .MemcpySmall                       Runtime

ASxxxx Linker V03.00/V05.40 + sdld,  page 10.
Hexadecimal  [32-Bits]

Area                                    Addr        Size        Decimal Bytes (Attributes)
--------------------------------        ----        ----        ------- ----- ------------
_HEADER3                            00000000    00000008 =           8. bytes (ABS,CON)

      Value  Global                              Global Defined In Module
      -----  --------------------------------   ------------------------
ASxxxx Linker V03.00/V05.40 + sdld,  page 11.
Hexadecimal  [32-Bits]

Area                                    Addr        Size        Decimal Bytes (Attributes)
--------------------------------        ----        ----        ------- ----- ------------
_HEADER4                            00000000    00000060 =          96. bytes (ABS,CON)

      Value  Global                              Global Defined In Module
      -----  --------------------------------   ------------------------
     00000080  .int                               Runtime
     0000008F  _wait_int_handler                  Runtime
     0000009C  __standard_VBL_handler             Runtime
     000000AB  _refresh_OAM                       Runtime
     000000CC  _set_interrupts                    Runtime

ASxxxx Linker V03.00/V05.40 + sdld,  page 12.
Hexadecimal  [32-Bits]

Area                                    Addr        Size        Decimal Bytes (Attributes)
--------------------------------        ----        ----        ------- ----- ------------
_HEADER5                            00000000    00000001 =           1. bytes (ABS,CON)

      Value  Global                              Global Defined In Module
      -----  --------------------------------   ------------------------
ASxxxx Linker V03.00/V05.40 + sdld,  page 13.
Hexadecimal  [32-Bits]

Area                                    Addr        Size        Decimal Bytes (Attributes)
--------------------------------        ----        ----        ------- ----- ------------
_HEADER6                            00000000    00000002 =           2. bytes (ABS,CON)

      Value  Global                              Global Defined In Module
      -----  --------------------------------   ------------------------
ASxxxx Linker V03.00/V05.40 + sdld,  page 14.
Hexadecimal  [32-Bits]

Area                                    Addr        Size        Decimal Bytes (Attributes)
--------------------------------        ----        ----        ------- ----- ------------
_HEADER7                            00000000    00000030 =          48. bytes (ABS,CON)

      Value  Global                              Global Defined In Module
      -----  --------------------------------   ------------------------
ASxxxx Linker V03.00/V05.40 + sdld,  page 15.
Hexadecimal  [32-Bits]

Area                                    Addr        Size        Decimal Bytes (Attributes)
--------------------------------        ----        ----        ------- ----- ------------
_HEADER8                            00000000    00000006 =           6. bytes (ABS,CON)

      Value  Global                              Global Defined In Module
      -----  --------------------------------   ------------------------
ASxxxx Linker V03.00/V05.40 + sdld,  page 16.
Hexadecimal  [32-Bits]

Area                                    Addr        Size        Decimal Bytes (Attributes)
--------------------------------        ----        ----        ------- ----- ------------
_HEADER9                            00000000    00000003 =           3. bytes (ABS,CON)

      Value  Global                              Global Defined In Module
      -----  --------------------------------   ------------------------
ASxxxx Linker V03.00/V05.40 + sdld,  page 17.
Hexadecimal  [32-Bits]

Area                                    Addr        Size        Decimal Bytes (Attributes)
--------------------------------        ----        ----        ------- ----- ------------
_HEADERa                            00000000    00000001 =           1. bytes (ABS,CON)

      Value  Global                              Global Defined In Module
      -----  --------------------------------   ------------------------
ASxxxx Linker V03.00/V05.40 + sdld,  page 18.
Hexadecimal  [32-Bits]

Area                                    Addr        Size        Decimal Bytes (Attributes)
--------------------------------        ----        ----        ------- ----- ------------
_HEADERb                            00000000    00000001 =           1. bytes (ABS,CON)

      Value  Global                              Global Defined In Module
      -----  --------------------------------   ------------------------
ASxxxx Linker V03.00/V05.40 + sdld,  page 19.
Hexadecimal  [32-Bits]

Area                                    Addr        Size        Decimal Bytes (Attributes)
--------------------------------        ----        ----        ------- ----- ------------
_HEADERc                            00000000    00000001 =           1. bytes (ABS,CON)

      Value  Global                              Global Defined In Module
      -----  --------------------------------   ------------------------
ASxxxx Linker V03.00/V05.40 + sdld,  page 20.
Hexadecimal  [32-Bits]

Area                                    Addr        Size        Decimal Bytes (Attributes)
--------------------------------        ----        ----        ------- ----- ------------
_HEADERd                            00000000    00000002 =           2. bytes (ABS,CON)

      Value  Global                              Global Defined In Module
      -----  --------------------------------   ------------------------
ASxxxx Linker V03.00/V05.40 + sdld,  page 21.
Hexadecimal  [32-Bits]

Area                                    Addr        Size        Decimal Bytes (Attributes)
--------------------------------        ----        ----        ------- ----- ------------
_HEADERe                            00000000    00000001 =           1. bytes (ABS,CON)

      Value  Global                              Global Defined In Module
      -----  --------------------------------   ------------------------
ASxxxx Linker V03.00/V05.40 + sdld,  page 22.
Hexadecimal  [32-Bits]

Area                                    Addr        Size        Decimal Bytes (Attributes)
--------------------------------        ----        ----        ------- ----- ------------
_HEADERf                            00000000    00000001 =           1. bytes (ABS,CON)

      Value  Global                              Global Defined In Module
      -----  --------------------------------   ------------------------
ASxxxx Linker V03.00/V05.40 + sdld,  page 23.
Hexadecimal  [32-Bits]

Area                                    Addr        Size        Decimal Bytes (Attributes)
--------------------------------        ----        ----        ------- ----- ------------
_HEADER10                           00000000    00000002 =           2. bytes (ABS,CON)

      Value  Global                              Global Defined In Module
      -----  --------------------------------   ------------------------
ASxxxx Linker V03.00/V05.40 + sdld,  page 24.
Hexadecimal  [32-Bits]

Area                                    Addr        Size        Decimal Bytes (Attributes)
--------------------------------        ----        ----        ------- ----- ------------
_HEADER11                           00000000    000000AB =         171. bytes (ABS,CON)

      Value  Global                              Global Defined In Module
      -----  --------------------------------   ------------------------
     00000150  .reset                             Runtime
     00000150  _reset                             Runtime
     00000157  .code_start                        Runtime
     000001B9  _exit                              Runtime
     000001BD  .wait_vbl_done                     Runtime
     000001BD  _vsync                             Runtime
     000001BD  _wait_vbl_done                     Runtime
     000001CD  .remove_VBL                        Runtime
     000001CD  _remove_VBL                        Runtime
     000001D0  .remove_int                        Runtime
     000001ED  .add_VBL                           Runtime
     000001ED  _add_VBL                           Runtime
     000001F0  .add_int                           Runtime

ASxxxx Linker V03.00/V05.40 + sdld,  page 25.
Hexadecimal  [32-Bits]

Area                                    Addr        Size        Decimal Bytes (Attributes)
--------------------------------        ----        ----        ------- ----- ------------
_HOME                               0000428D    00000195 =         405. bytes (REL,CON)

      Value  Global                              Global Defined In Module
      -----  --------------------------------   ------------------------
     0000428D  .memset_simple                     Runtime
     00004296  .memcpy_simple                     Runtime
     000042B3  .display_off                       Runtime
     000042B3  _display_off                       Runtime
     000042CB  _rand                              
     000042CB  _randw                             
     000042F6  _initrand                          
     000042F8  .initrand                          
     00004301  .padup                             
     00004301  _waitpadup                         
     00004311  .jpad                              
     00004311  _joypad                            
     00004339  _waitpad                           
     0000433A  .wait_pad                          
     00004341  _set_win_tiles                     
     00004355  _set_tile_data                     
     0000435A  _set_bkg_data                      
     0000435A  _set_win_data                      
     00004362  _set_sprite_data                   
     00004392  ___sdcc_call_hl                    call_hl
     00004393  _memset                            memset
     000043C6  .set_xy_wtt                        SetTileMap
     000043CF  .set_xy_btt                        SetTileMap
     000043DE  .set_xy_tt                         SetTileMap
ASxxxx Linker V03.00/V05.40 + sdld,  page 26.
Hexadecimal  [32-Bits]

Area                                    Addr        Size        Decimal Bytes (Attributes)
--------------------------------        ----        ----        ------- ----- ------------
_INITIALIZER                        00004422    0000011F =         287. bytes (REL,CON)

      Value  Global                              Global Defined In Module
      -----  --------------------------------   ------------------------
ASxxxx Linker V03.00/V05.40 + sdld,  page 27.
Hexadecimal  [32-Bits]

Area                                    Addr        Size        Decimal Bytes (Attributes)
--------------------------------        ----        ----        ------- ----- ------------
_GSINIT                             00004541    0000000C =          12. bytes (REL,CON)

      Value  Global                              Global Defined In Module
      -----  --------------------------------   ------------------------
     00004541  gsinit                             Runtime

ASxxxx Linker V03.00/V05.40 + sdld,  page 28.
Hexadecimal  [32-Bits]

Area                                    Addr        Size        Decimal Bytes (Attributes)
--------------------------------        ----        ----        ------- ----- ------------
_GSFINAL                            0000454D    00000001 =           1. bytes (REL,CON)

      Value  Global                              Global Defined In Module
      -----  --------------------------------   ------------------------
ASxxxx Linker V03.00/V05.40 + sdld,  page 29.
Hexadecimal  [32-Bits]

Area                                    Addr        Size        Decimal Bytes (Attributes)
--------------------------------        ----        ----        ------- ----- ------------
_DATA                               0000C0A0    00000209 =         521. bytes (REL,CON)

      Value  Global                              Global Defined In Module
      -----  --------------------------------   ------------------------
     0000C0A0  __cpu                              Runtime
     0000C0A1  __is_GBA                           Runtime
     0000C0A2  .mode                              Runtime
     0000C0A3  .sys_time                          Runtime
     0000C0A3  _sys_time                          Runtime
     0000C0A5  .int_0x40                          Runtime
     0000C0B1  _Object0_list                      _object0_settings
     0000C1F1  _global_entities                   entity_mgr
     0000C25D  _hUGE_current_wave                 hUGEDriver_obj
     0000C25D  hUGE_current_wave                  hUGEDriver_obj
     0000C25E  _hUGE_mute_mask                    hUGEDriver_obj
     0000C2A7  ___rand_seed                       
ASxxxx Linker V03.00/V05.40 + sdld,  page 30.
Hexadecimal  [32-Bits]

Area                                    Addr        Size        Decimal Bytes (Attributes)
--------------------------------        ----        ----        ------- ----- ------------
_INITIALIZED                        0000C2A9    0000011F =         287. bytes (REL,CON)

      Value  Global                              Global Defined In Module
      -----  --------------------------------   ------------------------
     0000C2A9  _obj0                              _object0_settings
     0000C2AB  _tilesFondo                        tilesFondo
     0000C2FB  _global_entity_count               entity_mgr
     0000C2FC  _sound_tick                        sound_sys
     0000C303  __joy_current                      joystick_sys
     0000C304  __joy_previous                     joystick_sys
     0000C305  _fuenteNumerica                    debug_sys
     0000C3C5  _sprite_cursor                     sprites_mgr
     0000C3C6  _vram_libre                        sprites_mgr
     0000C3C7  __map_tile_offset                  SetTileMap

ASxxxx Linker V03.00/V05.40 + sdld,  page 31.
Hexadecimal  [32-Bits]

Area                                    Addr        Size        Decimal Bytes (Attributes)
--------------------------------        ----        ----        ------- ----- ------------
_HRAM                               0000FF80    00000013 =          19. bytes (REL,CON)

      Value  Global                              Global Defined In Module
      -----  --------------------------------   ------------------------
     0000FF80  .refresh_OAM                       Runtime
     0000FF90  __current_bank                     Runtime
     0000FF91  __vbl_done                         Runtime
     0000FF92  __shadow_OAM_base                  Runtime

ASxxxx Linker V03.00/V05.40 + sdld,  page 32.

Files Linked                              [ module(s) ]

/home/dixon/Documentos/gb/gbdk-linux64/gbdk/lib/gb/crt0.o
                                          [ Runtime ]
/tmp/lcc224220.o                          [ _object0_settings ]
/tmp/lcc224221.o                          [ object0_init ]
/tmp/lcc224222.o                          [ object0_draw ]
/tmp/lcc224223.o                          [ object0_step ]
/tmp/lcc224224.o                          [ pelota_init ]
/tmp/lcc224225.o                          [ pelota_step ]
/tmp/lcc224226.o                          [ game_objects ]
/tmp/lcc224227.o                          [ game_step ]
/tmp/lcc224228.o                          [ game_init ]
/tmp/lcc224229.o                          [ room01_step ]
/tmp/lcc2242210.o                         [ room01_init ]
/tmp/lcc2242211.o                         [ game_draw ]
/tmp/lcc2242212.o                         [ sample_song ]
/tmp/lcc2242213.o                         [ _sound_data ]
/tmp/lcc2242214.o                         [ tilesFondo ]
/tmp/lcc2242215.o                         [ fuenteNumerica ]
/tmp/lcc2242216.o                         [ entity_mgr ]
/tmp/lcc2242217.o                         [ scripts_mgr ]
/tmp/lcc2242218.o                         [ main ]
/tmp/lcc2242219.o                         [ math_util ]
/tmp/lcc2242220.o                         [ video_sys ]
./src/engine/sounds/hUGEDriver.o          [ hUGEDriver_obj ]
/tmp/lcc2242221.o                         [ sound_sys ]
/tmp/lcc2242222.o                         [ joystick_sys ]
/tmp/lcc2242223.o                         [ debug_sys ]
/tmp/lcc2242224.o                         [ sprites_mgr ]


Libraries Linked                          [ object file ]

/home/dixon/Documentos/gb/gbdk-linux64/gbdk/lib/sm83/sm83.lib
                                          [ rand.o ]
/home/dixon/Documentos/gb/gbdk-linux64/gbdk/lib/gb/gb.lib
                                          [ pad.o ]
/home/dixon/Documentos/gb/gbdk-linux64/gbdk/lib/gb/gb.lib
                                          [ sfr.o ]
/home/dixon/Documentos/gb/gbdk-linux64/gbdk/lib/sm83/sm83.lib
                                          [ mul.o ]
/home/dixon/Documentos/gb/gbdk-linux64/gbdk/lib/gb/gb.lib
                                          [ set_wi_t.o ]
/home/dixon/Documentos/gb/gbdk-linux64/gbdk/lib/gb/gb.lib
                                          [ set_data.o ]
/home/dixon/Documentos/gb/gbdk-linux64/gbdk/lib/gb/gb.lib
                                          [ set_tile.o ]
/home/dixon/Documentos/gb/gbdk-linux64/gbdk/lib/sm83/sm83.lib
                                          [ __sdcc_call_hl.o ]
/home/dixon/Documentos/gb/gbdk-linux64/gbdk/lib/sm83/sm83.lib
                                          [ _memset.o ]
/home/dixon/Documentos/gb/gbdk-linux64/gbdk/lib/sm83/sm83.lib
                                          [ div.o ]
/home/dixon/Documentos/gb/gbdk-linux64/gbdk/lib/gb/gb.lib
                                          [ set_xy_t.o ]

ASxxxx Linker V03.00/V05.40 + sdld,  page 33.

User Base Address Definitions

_DATA=0xC0A0
_CODE=0x0200
_HRAM=0xFF80
ASxxxx Linker V03.00/V05.40 + sdld,  page 34.

User Global Definitions

_shadow_OAM=0xC000
.STACK=0xE000

